TAP version 13
# Subtest: oxlint is installed (the rule's tests run the real linter)
ok 1 - oxlint is installed (the rule's tests run the real linter)
  ---
  duration_ms: 0.596156
  type: 'test'
  ...
# Subtest: coherence/chokepoint under oxlint: an import or a re-export outside the chokepoint goes red, a test is exempt, and removing the bypass goes green
not ok 2 - coherence/chokepoint under oxlint: an import or a re-export outside the chokepoint goes red, a test is exempt, and removing the bypass goes green
  ---
  duration_ms: 37.360297
  type: 'test'
  location: '/tmp/coherence-115/src/adapters/lint.test.ts:99:1'
  failureType: 'testCodeFailure'
  error: 'oxlint gave no report: '
  code: 'ERR_ASSERTION'
  name: 'AssertionError'
  expected: true
  actual: false
  operator: '=='
  stack: |-
    lint (file:///tmp/coherence-115/src/adapters/lint.test.ts:71:10)
    TestContext.<anonymous> (file:///tmp/coherence-115/src/adapters/lint.test.ts:100:20)
    Test.runInAsyncScope (node:async_hooks:214:14)
    Test.run (node:internal/test_runner/test:1047:25)
    async Test.processPendingSubtests (node:internal/test_runner/test:744:7)
  ...
# Subtest: coherence/chokepoint under oxlint: a spec Coherence cannot read is reported at line 1 of each file under its component, never thrown
not ok 3 - coherence/chokepoint under oxlint: a spec Coherence cannot read is reported at line 1 of each file under its component, never thrown
  ---
  duration_ms: 35.933024
  type: 'test'
  location: '/tmp/coherence-115/src/adapters/lint.test.ts:121:1'
  failureType: 'testCodeFailure'
  error: 'oxlint gave no report: '
  code: 'ERR_ASSERTION'
  name: 'AssertionError'
  expected: true
  actual: false
  operator: '=='
  stack: |-
    lint (file:///tmp/coherence-115/src/adapters/lint.test.ts:71:10)
    TestContext.<anonymous> (file:///tmp/coherence-115/src/adapters/lint.test.ts:125:20)
    Test.runInAsyncScope (node:async_hooks:214:14)
    Test.run (node:internal/test_runner/test:1047:25)
    async Test.processPendingSubtests (node:internal/test_runner/test:744:7)
  ...
1..3
# tests 3
# suites 0
# pass 1
# fail 2
# cancelled 0
# skipped 0
# todo 0
# duration_ms 160.284289
