TAP version 13
# Subtest: oxlint is installed (the rule's tests run the real linter)
ok 1 - oxlint is installed (the rule's tests run the real linter)
  ---
  duration_ms: 0.626906
  type: 'test'
  ...
# Subtest: coherence/chokepoint under oxlint: an import or a re-export outside the chokepoint goes red, a test is exempt, and removing the bypass goes green
ok 2 - coherence/chokepoint under oxlint: an import or a re-export outside the chokepoint goes red, a test is exempt, and removing the bypass goes green
  ---
  duration_ms: 601.676788
  type: 'test'
  ...
# Subtest: coherence/chokepoint under oxlint: a spec Coherence cannot read is reported at line 1 of each file under its component, never thrown
ok 3 - coherence/chokepoint under oxlint: a spec Coherence cannot read is reported at line 1 of each file under its component, never thrown
  ---
  duration_ms: 204.050277
  type: 'test'
  ...
1..3
# tests 3
# suites 0
# pass 3
# fail 0
# cancelled 0
# skipped 0
# todo 0
# duration_ms 891.400672
