TAP version 13
# Subtest: coherence/chokepoint under oxlint: an import or a re-export outside the chokepoint goes red, a test is exempt, and removing the bypass goes green
ok 1 - coherence/chokepoint under oxlint: an import or a re-export outside the chokepoint goes red, a test is exempt, and removing the bypass goes green
  ---
  duration_ms: 633.110308
  type: 'test'
  ...
# Subtest: coherence/chokepoint under oxlint: a spec, a bullet or a configuration Coherence cannot read is reported at line 1 of each file under its component, never thrown
ok 2 - coherence/chokepoint under oxlint: a spec, a bullet or a configuration Coherence cannot read is reported at line 1 of each file under its component, never thrown
  ---
  duration_ms: 817.574956
  type: 'test'
  ...
# Subtest: a module chokepoint is checker-choked when an oxlint configuration over it runs coherence/chokepoint at error in its top-level rules, and reference-choked otherwise
ok 3 - a module chokepoint is checker-choked when an oxlint configuration over it runs coherence/chokepoint at error in its top-level rules, and reference-choked otherwise
  ---
  duration_ms: 1384.423987
  type: 'test'
  ...
1..3
# tests 3
# suites 0
# pass 3
# fail 0
# cancelled 0
# skipped 0
# todo 0
# duration_ms 2965.371904
