coherence built: 2.8 s
worktree added: 11.6 s
nodejs/.oxlintrc.nodejs.json does not exist at this ref, so the coherence/chokepoint rule is not loaded
export COHERENCE_HOME=/tmp/replay-127-witness/coherence
staged frontend/src/scenes/notebooks/kitWitnessBypass.tsx: export const KitWitnessBypass = () => <button />;
red: 4.3 s
$ coherence refute frontend/src/scenes/notebooks/buttons are LemonButtons --broke the kit staged a bypass --session kit-witness --agent kit
refuted frontend/src/scenes/notebooks/buttons are LemonButtons (totality oracle): the kit staged a bypass
  the detector went red: 1 finding of oxlint:react/forbid-elements matching "<button>", the first at frontend/src/scenes/notebooks/kitWitnessBypass.tsx:1
  recorded in .coherence/runs/kit-witness.jsonl at 2026-09-30T13:35:27.431Z
now restore the code and run: run — the refutation counts as witnessed once a later run finds the same totality oracle passing
[exit 0]
green: 2.5 s
$ coherence run --invariant buttons are LemonButtons --json --no-server --session kit-witness --agent kit
{
  "at": "2026-09-30T13:35:29.980Z",
  "session": "kit-witness",
  "agent": "kit",
  "binding": "none: this session owns no active work order",
  "commit": "781a8ca5877",
  "dirty": true,
  "instrument": {
    "language": "typescript",
    "server": "cold"
  },
  "latency": 1932,
  "invariants": [
    {
      "component": "frontend/src/scenes/notebooks",
      "name": "buttons are LemonButtons",
      "form": "totality oracle",
      "verdict": "pass",
      "refutation": "witnessed",
      "bypasses": [],
      "testReferences": 0,
      "files": [],
      "latency": 922,
      "reason": "/home/coder/posthog/node_modules/.bin/oxlint -c .oxlintrc.json --format json frontend/src/scenes/notebooks reported no finding of oxlint:react/forbid-elements matching \"<button>\" in 115 files"
    }
  ],
  "file": "/tmp/replay-127-witness/posthog/.coherence/runs/kit-witness.jsonl",
  "instrumentReason": null,
  "instrumentDied": false
}
[exit 0]
witnessed: true
removed /tmp/replay-127-witness
